ROUTE                           AUTHORITY   SUCCESS      RPS   LATENCY_P50   LATENCY_P95   LATENCY_P99
/a          foo.default.svc.cluster.local   100.00%   1.5rps         123ms         123ms         123ms
/b          foo.default.svc.cluster.local   100.00%   1.0rps         123ms         123ms         123ms
/c          foo.default.svc.cluster.local     0.00%   0.0rps         123ms         123ms         123ms
[UNKNOWN]   foo.default.svc.cluster.local   100.00%   0.5rps         123ms         123ms         123ms
